ARM GAS  C:\Users\Sebas\AppData\Local\Temp\ccDC1FkV.s 			page 1


   1              		.syntax unified
   2              		.cpu cortex-m0
   3              		.fpu softvfp
   4              		.eabi_attribute 20, 1
   5              		.eabi_attribute 21, 1
   6              		.eabi_attribute 23, 3
   7              		.eabi_attribute 24, 1
   8              		.eabi_attribute 25, 1
   9              		.eabi_attribute 26, 1
  10              		.eabi_attribute 30, 6
  11              		.eabi_attribute 34, 0
  12              		.eabi_attribute 18, 4
  13              		.thumb
  14              		.syntax unified
  15              		.file	"cyfitter_cfg.c"
  16              		.text
  17              	.Ltext0:
  18              		.cfi_sections	.debug_frame
  19              		.section	.text.CYMEMZERO,"ax",%progbits
  20              		.align	2
  21              		.code	16
  22              		.thumb_func
  23              		.type	CYMEMZERO, %function
  24              	CYMEMZERO:
  25              	.LFB0:
  26              		.file 1 "Generated_Source\\PSoC4\\cyfitter_cfg.c"
   1:Generated_Source\PSoC4/cyfitter_cfg.c **** 
   2:Generated_Source\PSoC4/cyfitter_cfg.c **** /*******************************************************************************
   3:Generated_Source\PSoC4/cyfitter_cfg.c **** * File Name: cyfitter_cfg.c
   4:Generated_Source\PSoC4/cyfitter_cfg.c **** * 
   5:Generated_Source\PSoC4/cyfitter_cfg.c **** * PSoC Creator  4.1 Update 1
   6:Generated_Source\PSoC4/cyfitter_cfg.c **** *
   7:Generated_Source\PSoC4/cyfitter_cfg.c **** * Description:
   8:Generated_Source\PSoC4/cyfitter_cfg.c **** * This file contains device initialization code.
   9:Generated_Source\PSoC4/cyfitter_cfg.c **** * Except for the user defined sections in CyClockStartupError(), this file should not be modified.
  10:Generated_Source\PSoC4/cyfitter_cfg.c **** * This file is automatically generated by PSoC Creator.
  11:Generated_Source\PSoC4/cyfitter_cfg.c **** *
  12:Generated_Source\PSoC4/cyfitter_cfg.c **** ********************************************************************************
  13:Generated_Source\PSoC4/cyfitter_cfg.c **** * Copyright (c) 2007-2017 Cypress Semiconductor.  All rights reserved.
  14:Generated_Source\PSoC4/cyfitter_cfg.c **** * You may use this file only in accordance with the license, terms, conditions, 
  15:Generated_Source\PSoC4/cyfitter_cfg.c **** * disclaimers, and limitations in the end user license agreement accompanying 
  16:Generated_Source\PSoC4/cyfitter_cfg.c **** * the software package with which this file was provided.
  17:Generated_Source\PSoC4/cyfitter_cfg.c **** ********************************************************************************/
  18:Generated_Source\PSoC4/cyfitter_cfg.c **** 
  19:Generated_Source\PSoC4/cyfitter_cfg.c **** #include <string.h>
  20:Generated_Source\PSoC4/cyfitter_cfg.c **** #include "cytypes.h"
  21:Generated_Source\PSoC4/cyfitter_cfg.c **** #include "cydevice_trm.h"
  22:Generated_Source\PSoC4/cyfitter_cfg.c **** #include "cyfitter.h"
  23:Generated_Source\PSoC4/cyfitter_cfg.c **** #include "CyLib.h"
  24:Generated_Source\PSoC4/cyfitter_cfg.c **** #include "cyfitter_cfg.h"
  25:Generated_Source\PSoC4/cyfitter_cfg.c **** 
  26:Generated_Source\PSoC4/cyfitter_cfg.c **** 
  27:Generated_Source\PSoC4/cyfitter_cfg.c **** #if defined(__GNUC__) || defined(__ARMCC_VERSION)
  28:Generated_Source\PSoC4/cyfitter_cfg.c ****     #define CYPACKED 
  29:Generated_Source\PSoC4/cyfitter_cfg.c ****     #define CYPACKED_ATTR __attribute__ ((packed))
  30:Generated_Source\PSoC4/cyfitter_cfg.c ****     #define CYALIGNED __attribute__ ((aligned))
  31:Generated_Source\PSoC4/cyfitter_cfg.c ****     #define CY_CFG_UNUSED __attribute__ ((unused))
ARM GAS  C:\Users\Sebas\AppData\Local\Temp\ccDC1FkV.s 			page 2


  32:Generated_Source\PSoC4/cyfitter_cfg.c ****     #ifndef CY_CFG_SECTION
  33:Generated_Source\PSoC4/cyfitter_cfg.c ****         #define CY_CFG_SECTION __attribute__ ((section(".psocinit")))
  34:Generated_Source\PSoC4/cyfitter_cfg.c ****     #endif
  35:Generated_Source\PSoC4/cyfitter_cfg.c ****     
  36:Generated_Source\PSoC4/cyfitter_cfg.c ****     #if defined(__ARMCC_VERSION)
  37:Generated_Source\PSoC4/cyfitter_cfg.c ****         #define CY_CFG_MEMORY_BARRIER() __memory_changed()
  38:Generated_Source\PSoC4/cyfitter_cfg.c ****     #else
  39:Generated_Source\PSoC4/cyfitter_cfg.c ****         #define CY_CFG_MEMORY_BARRIER() __sync_synchronize()
  40:Generated_Source\PSoC4/cyfitter_cfg.c ****     #endif
  41:Generated_Source\PSoC4/cyfitter_cfg.c ****     
  42:Generated_Source\PSoC4/cyfitter_cfg.c **** #elif defined(__ICCARM__)
  43:Generated_Source\PSoC4/cyfitter_cfg.c ****     #include <intrinsics.h>
  44:Generated_Source\PSoC4/cyfitter_cfg.c **** 
  45:Generated_Source\PSoC4/cyfitter_cfg.c ****     #define CYPACKED __packed
  46:Generated_Source\PSoC4/cyfitter_cfg.c ****     #define CYPACKED_ATTR 
  47:Generated_Source\PSoC4/cyfitter_cfg.c ****     #define CYALIGNED _Pragma("data_alignment=4")
  48:Generated_Source\PSoC4/cyfitter_cfg.c ****     #define CY_CFG_UNUSED _Pragma("diag_suppress=Pe177")
  49:Generated_Source\PSoC4/cyfitter_cfg.c ****     #define CY_CFG_SECTION _Pragma("location=\".psocinit\"")
  50:Generated_Source\PSoC4/cyfitter_cfg.c ****     
  51:Generated_Source\PSoC4/cyfitter_cfg.c ****     #define CY_CFG_MEMORY_BARRIER() __DMB()
  52:Generated_Source\PSoC4/cyfitter_cfg.c ****     
  53:Generated_Source\PSoC4/cyfitter_cfg.c **** #else
  54:Generated_Source\PSoC4/cyfitter_cfg.c ****     #error Unsupported toolchain
  55:Generated_Source\PSoC4/cyfitter_cfg.c **** #endif
  56:Generated_Source\PSoC4/cyfitter_cfg.c **** 
  57:Generated_Source\PSoC4/cyfitter_cfg.c **** #ifndef CYCODE
  58:Generated_Source\PSoC4/cyfitter_cfg.c ****     #define CYCODE
  59:Generated_Source\PSoC4/cyfitter_cfg.c **** #endif
  60:Generated_Source\PSoC4/cyfitter_cfg.c **** #ifndef CYDATA
  61:Generated_Source\PSoC4/cyfitter_cfg.c ****     #define CYDATA
  62:Generated_Source\PSoC4/cyfitter_cfg.c **** #endif
  63:Generated_Source\PSoC4/cyfitter_cfg.c **** #ifndef CYFAR
  64:Generated_Source\PSoC4/cyfitter_cfg.c ****     #define CYFAR
  65:Generated_Source\PSoC4/cyfitter_cfg.c **** #endif
  66:Generated_Source\PSoC4/cyfitter_cfg.c **** #ifndef CYXDATA
  67:Generated_Source\PSoC4/cyfitter_cfg.c ****     #define CYXDATA
  68:Generated_Source\PSoC4/cyfitter_cfg.c **** #endif
  69:Generated_Source\PSoC4/cyfitter_cfg.c **** 
  70:Generated_Source\PSoC4/cyfitter_cfg.c **** 
  71:Generated_Source\PSoC4/cyfitter_cfg.c **** CY_CFG_UNUSED
  72:Generated_Source\PSoC4/cyfitter_cfg.c **** static void CYMEMZERO(void *s, size_t n);
  73:Generated_Source\PSoC4/cyfitter_cfg.c **** CY_CFG_UNUSED
  74:Generated_Source\PSoC4/cyfitter_cfg.c **** static void CYMEMZERO(void *s, size_t n)
  75:Generated_Source\PSoC4/cyfitter_cfg.c **** {
  27              		.loc 1 75 0
  28              		.cfi_startproc
  29              		@ args = 0, pretend = 0, frame = 8
  30              		@ frame_needed = 1, uses_anonymous_args = 0
  31 0000 80B5     		push	{r7, lr}
  32              		.cfi_def_cfa_offset 8
  33              		.cfi_offset 7, -8
  34              		.cfi_offset 14, -4
  35 0002 82B0     		sub	sp, sp, #8
  36              		.cfi_def_cfa_offset 16
  37 0004 00AF     		add	r7, sp, #0
  38              		.cfi_def_cfa_register 7
  39 0006 7860     		str	r0, [r7, #4]
ARM GAS  C:\Users\Sebas\AppData\Local\Temp\ccDC1FkV.s 			page 3


  40 0008 3960     		str	r1, [r7]
  76:Generated_Source\PSoC4/cyfitter_cfg.c **** 	(void)memset(s, 0, n);
  41              		.loc 1 76 0
  42 000a 3A68     		ldr	r2, [r7]
  43 000c 7B68     		ldr	r3, [r7, #4]
  44 000e 0021     		movs	r1, #0
  45 0010 1800     		movs	r0, r3
  46 0012 FFF7FEFF 		bl	memset
  77:Generated_Source\PSoC4/cyfitter_cfg.c **** }
  47              		.loc 1 77 0
  48 0016 C046     		nop
  49 0018 BD46     		mov	sp, r7
  50 001a 02B0     		add	sp, sp, #8
  51              		@ sp needed
  52 001c 80BD     		pop	{r7, pc}
  53              		.cfi_endproc
  54              	.LFE0:
  55              		.size	CYMEMZERO, .-CYMEMZERO
  56 001e C046     		.section	.text.CYCONFIGCPY,"ax",%progbits
  57              		.align	2
  58              		.code	16
  59              		.thumb_func
  60              		.type	CYCONFIGCPY, %function
  61              	CYCONFIGCPY:
  62              	.LFB1:
  78:Generated_Source\PSoC4/cyfitter_cfg.c **** CY_CFG_UNUSED
  79:Generated_Source\PSoC4/cyfitter_cfg.c **** static void CYCONFIGCPY(void *dest, const void *src, size_t n);
  80:Generated_Source\PSoC4/cyfitter_cfg.c **** CY_CFG_UNUSED
  81:Generated_Source\PSoC4/cyfitter_cfg.c **** static void CYCONFIGCPY(void *dest, const void *src, size_t n)
  82:Generated_Source\PSoC4/cyfitter_cfg.c **** {
  63              		.loc 1 82 0
  64              		.cfi_startproc
  65              		@ args = 0, pretend = 0, frame = 16
  66              		@ frame_needed = 1, uses_anonymous_args = 0
  67 0000 80B5     		push	{r7, lr}
  68              		.cfi_def_cfa_offset 8
  69              		.cfi_offset 7, -8
  70              		.cfi_offset 14, -4
  71 0002 84B0     		sub	sp, sp, #16
  72              		.cfi_def_cfa_offset 24
  73 0004 00AF     		add	r7, sp, #0
  74              		.cfi_def_cfa_register 7
  75 0006 F860     		str	r0, [r7, #12]
  76 0008 B960     		str	r1, [r7, #8]
  77 000a 7A60     		str	r2, [r7, #4]
  83:Generated_Source\PSoC4/cyfitter_cfg.c **** 	(void)memcpy(dest, src, n);
  78              		.loc 1 83 0
  79 000c 7A68     		ldr	r2, [r7, #4]
  80 000e B968     		ldr	r1, [r7, #8]
  81 0010 FB68     		ldr	r3, [r7, #12]
  82 0012 1800     		movs	r0, r3
  83 0014 FFF7FEFF 		bl	memcpy
  84:Generated_Source\PSoC4/cyfitter_cfg.c **** }
  84              		.loc 1 84 0
  85 0018 C046     		nop
  86 001a BD46     		mov	sp, r7
  87 001c 04B0     		add	sp, sp, #16
ARM GAS  C:\Users\Sebas\AppData\Local\Temp\ccDC1FkV.s 			page 4


  88              		@ sp needed
  89 001e 80BD     		pop	{r7, pc}
  90              		.cfi_endproc
  91              	.LFE1:
  92              		.size	CYCONFIGCPY, .-CYCONFIGCPY
  93              		.section	.text.CYCONFIGCPYCODE,"ax",%progbits
  94              		.align	2
  95              		.code	16
  96              		.thumb_func
  97              		.type	CYCONFIGCPYCODE, %function
  98              	CYCONFIGCPYCODE:
  99              	.LFB2:
  85:Generated_Source\PSoC4/cyfitter_cfg.c **** CY_CFG_UNUSED
  86:Generated_Source\PSoC4/cyfitter_cfg.c **** static void CYCONFIGCPYCODE(void *dest, const void *src, size_t n);
  87:Generated_Source\PSoC4/cyfitter_cfg.c **** CY_CFG_UNUSED
  88:Generated_Source\PSoC4/cyfitter_cfg.c **** static void CYCONFIGCPYCODE(void *dest, const void *src, size_t n)
  89:Generated_Source\PSoC4/cyfitter_cfg.c **** {
 100              		.loc 1 89 0
 101              		.cfi_startproc
 102              		@ args = 0, pretend = 0, frame = 16
 103              		@ frame_needed = 1, uses_anonymous_args = 0
 104 0000 80B5     		push	{r7, lr}
 105              		.cfi_def_cfa_offset 8
 106              		.cfi_offset 7, -8
 107              		.cfi_offset 14, -4
 108 0002 84B0     		sub	sp, sp, #16
 109              		.cfi_def_cfa_offset 24
 110 0004 00AF     		add	r7, sp, #0
 111              		.cfi_def_cfa_register 7
 112 0006 F860     		str	r0, [r7, #12]
 113 0008 B960     		str	r1, [r7, #8]
 114 000a 7A60     		str	r2, [r7, #4]
  90:Generated_Source\PSoC4/cyfitter_cfg.c **** 	(void)memcpy(dest, src, n);
 115              		.loc 1 90 0
 116 000c 7A68     		ldr	r2, [r7, #4]
 117 000e B968     		ldr	r1, [r7, #8]
 118 0010 FB68     		ldr	r3, [r7, #12]
 119 0012 1800     		movs	r0, r3
 120 0014 FFF7FEFF 		bl	memcpy
  91:Generated_Source\PSoC4/cyfitter_cfg.c **** }
 121              		.loc 1 91 0
 122 0018 C046     		nop
 123 001a BD46     		mov	sp, r7
 124 001c 04B0     		add	sp, sp, #16
 125              		@ sp needed
 126 001e 80BD     		pop	{r7, pc}
 127              		.cfi_endproc
 128              	.LFE2:
 129              		.size	CYCONFIGCPYCODE, .-CYCONFIGCPYCODE
 130              		.section	.psocinit,"ax",%progbits
 131              		.align	2
 132              		.code	16
 133              		.thumb_func
 134              		.type	ClockSetup, %function
 135              	ClockSetup:
 136              	.LFB3:
  92:Generated_Source\PSoC4/cyfitter_cfg.c **** 
ARM GAS  C:\Users\Sebas\AppData\Local\Temp\ccDC1FkV.s 			page 5


  93:Generated_Source\PSoC4/cyfitter_cfg.c **** 
  94:Generated_Source\PSoC4/cyfitter_cfg.c **** 
  95:Generated_Source\PSoC4/cyfitter_cfg.c **** 
  96:Generated_Source\PSoC4/cyfitter_cfg.c **** /* Clock startup error codes                                                   */
  97:Generated_Source\PSoC4/cyfitter_cfg.c **** #define CYCLOCKSTART_NO_ERROR    0u
  98:Generated_Source\PSoC4/cyfitter_cfg.c **** #define CYCLOCKSTART_XTAL_ERROR  1u
  99:Generated_Source\PSoC4/cyfitter_cfg.c **** #define CYCLOCKSTART_32KHZ_ERROR 2u
 100:Generated_Source\PSoC4/cyfitter_cfg.c **** #define CYCLOCKSTART_PLL_ERROR   3u
 101:Generated_Source\PSoC4/cyfitter_cfg.c **** #define CYCLOCKSTART_FLL_ERROR   4u
 102:Generated_Source\PSoC4/cyfitter_cfg.c **** 
 103:Generated_Source\PSoC4/cyfitter_cfg.c **** 
 104:Generated_Source\PSoC4/cyfitter_cfg.c **** #ifdef CY_NEED_CYCLOCKSTARTUPERROR
 105:Generated_Source\PSoC4/cyfitter_cfg.c **** /*******************************************************************************
 106:Generated_Source\PSoC4/cyfitter_cfg.c **** * Function Name: CyClockStartupError
 107:Generated_Source\PSoC4/cyfitter_cfg.c **** ********************************************************************************
 108:Generated_Source\PSoC4/cyfitter_cfg.c **** * Summary:
 109:Generated_Source\PSoC4/cyfitter_cfg.c **** *  If an error is encountered during clock configuration (crystal startup error,
 110:Generated_Source\PSoC4/cyfitter_cfg.c **** *  PLL lock error, etc.), the system will end up here.  Unless reimplemented by
 111:Generated_Source\PSoC4/cyfitter_cfg.c **** *  the customer, this function will stop in an infinite loop.
 112:Generated_Source\PSoC4/cyfitter_cfg.c **** *
 113:Generated_Source\PSoC4/cyfitter_cfg.c **** * Parameters:
 114:Generated_Source\PSoC4/cyfitter_cfg.c **** *   void
 115:Generated_Source\PSoC4/cyfitter_cfg.c **** *
 116:Generated_Source\PSoC4/cyfitter_cfg.c **** * Return:
 117:Generated_Source\PSoC4/cyfitter_cfg.c **** *   void
 118:Generated_Source\PSoC4/cyfitter_cfg.c **** *
 119:Generated_Source\PSoC4/cyfitter_cfg.c **** *******************************************************************************/
 120:Generated_Source\PSoC4/cyfitter_cfg.c **** CY_CFG_UNUSED
 121:Generated_Source\PSoC4/cyfitter_cfg.c **** static void CyClockStartupError(uint8 errorCode);
 122:Generated_Source\PSoC4/cyfitter_cfg.c **** CY_CFG_UNUSED
 123:Generated_Source\PSoC4/cyfitter_cfg.c **** static void CyClockStartupError(uint8 errorCode)
 124:Generated_Source\PSoC4/cyfitter_cfg.c **** {
 125:Generated_Source\PSoC4/cyfitter_cfg.c ****     /* To remove the compiler warning if errorCode not used. */
 126:Generated_Source\PSoC4/cyfitter_cfg.c **** #if defined(CY_PSOC3) && (CY_PSOC3)
 127:Generated_Source\PSoC4/cyfitter_cfg.c ****     errorCode = errorCode;
 128:Generated_Source\PSoC4/cyfitter_cfg.c **** #else
 129:Generated_Source\PSoC4/cyfitter_cfg.c ****     (void)errorCode;
 130:Generated_Source\PSoC4/cyfitter_cfg.c **** #endif /* CY_PSOC3 */
 131:Generated_Source\PSoC4/cyfitter_cfg.c **** 
 132:Generated_Source\PSoC4/cyfitter_cfg.c ****     /* If we have a clock startup error (bad MHz crystal, PLL lock, etc.),  */
 133:Generated_Source\PSoC4/cyfitter_cfg.c ****     /* we will end up here to allow the customer to implement something to  */
 134:Generated_Source\PSoC4/cyfitter_cfg.c ****     /* deal with the clock condition.                                       */
 135:Generated_Source\PSoC4/cyfitter_cfg.c **** 
 136:Generated_Source\PSoC4/cyfitter_cfg.c **** #ifdef CY_CFG_CLOCK_STARTUP_ERROR_CALLBACK
 137:Generated_Source\PSoC4/cyfitter_cfg.c ****     CY_CFG_Clock_Startup_ErrorCallback();
 138:Generated_Source\PSoC4/cyfitter_cfg.c **** #else
 139:Generated_Source\PSoC4/cyfitter_cfg.c ****     /*  If not using CY_CFG_CLOCK_STARTUP_ERROR_CALLBACK, place your clock startup code here. */
 140:Generated_Source\PSoC4/cyfitter_cfg.c ****     /* `#START CyClockStartupError` */
 141:Generated_Source\PSoC4/cyfitter_cfg.c **** 
 142:Generated_Source\PSoC4/cyfitter_cfg.c ****     /* If we have a clock startup error (bad MHz crystal, PLL lock, etc.),  */
 143:Generated_Source\PSoC4/cyfitter_cfg.c ****     /* we will end up here to allow the customer to implement something to  */
 144:Generated_Source\PSoC4/cyfitter_cfg.c ****     /* deal with the clock condition.                                       */
 145:Generated_Source\PSoC4/cyfitter_cfg.c **** 
 146:Generated_Source\PSoC4/cyfitter_cfg.c ****     /* `#END` */
 147:Generated_Source\PSoC4/cyfitter_cfg.c **** 
 148:Generated_Source\PSoC4/cyfitter_cfg.c ****     while(1) {}
 149:Generated_Source\PSoC4/cyfitter_cfg.c **** #endif /* CY_CFG_CLOCK_STARTUP_ERROR_CALLBACK */
ARM GAS  C:\Users\Sebas\AppData\Local\Temp\ccDC1FkV.s 			page 6


 150:Generated_Source\PSoC4/cyfitter_cfg.c **** }
 151:Generated_Source\PSoC4/cyfitter_cfg.c **** #endif
 152:Generated_Source\PSoC4/cyfitter_cfg.c **** 
 153:Generated_Source\PSoC4/cyfitter_cfg.c **** 
 154:Generated_Source\PSoC4/cyfitter_cfg.c **** 
 155:Generated_Source\PSoC4/cyfitter_cfg.c **** /*******************************************************************************
 156:Generated_Source\PSoC4/cyfitter_cfg.c **** * Function Name: ClockSetup
 157:Generated_Source\PSoC4/cyfitter_cfg.c **** ********************************************************************************
 158:Generated_Source\PSoC4/cyfitter_cfg.c **** *
 159:Generated_Source\PSoC4/cyfitter_cfg.c **** * Summary:
 160:Generated_Source\PSoC4/cyfitter_cfg.c **** *   Performs the initialization of all of the clocks in the device based on the
 161:Generated_Source\PSoC4/cyfitter_cfg.c **** *   settings in the Clock tab of the DWR.  This includes enabling the requested
 162:Generated_Source\PSoC4/cyfitter_cfg.c **** *   clocks and setting the necessary dividers to produce the desired frequency. 
 163:Generated_Source\PSoC4/cyfitter_cfg.c **** *
 164:Generated_Source\PSoC4/cyfitter_cfg.c **** * Parameters:
 165:Generated_Source\PSoC4/cyfitter_cfg.c **** *   void
 166:Generated_Source\PSoC4/cyfitter_cfg.c **** *
 167:Generated_Source\PSoC4/cyfitter_cfg.c **** * Return:
 168:Generated_Source\PSoC4/cyfitter_cfg.c **** *   void
 169:Generated_Source\PSoC4/cyfitter_cfg.c **** *
 170:Generated_Source\PSoC4/cyfitter_cfg.c **** *******************************************************************************/
 171:Generated_Source\PSoC4/cyfitter_cfg.c **** static void ClockSetup(void);
 172:Generated_Source\PSoC4/cyfitter_cfg.c **** CY_CFG_SECTION
 173:Generated_Source\PSoC4/cyfitter_cfg.c **** static void ClockSetup(void)
 174:Generated_Source\PSoC4/cyfitter_cfg.c **** {
 137              		.loc 1 174 0
 138              		.cfi_startproc
 139              		@ args = 0, pretend = 0, frame = 0
 140              		@ frame_needed = 1, uses_anonymous_args = 0
 141 0000 80B5     		push	{r7, lr}
 142              		.cfi_def_cfa_offset 8
 143              		.cfi_offset 7, -8
 144              		.cfi_offset 14, -4
 145 0002 00AF     		add	r7, sp, #0
 146              		.cfi_def_cfa_register 7
 175:Generated_Source\PSoC4/cyfitter_cfg.c **** 	/* Enable HALF_EN before trimming for the flash accelerator. */
 176:Generated_Source\PSoC4/cyfitter_cfg.c **** 	CY_SET_REG32((void CYXDATA *)(CYREG_CLK_SELECT), (CY_GET_REG32((void *)CYREG_CLK_SELECT) | 0x00040
 147              		.loc 1 176 0
 148 0004 154B     		ldr	r3, .L5
 149 0006 154A     		ldr	r2, .L5
 150 0008 1268     		ldr	r2, [r2]
 151 000a 8021     		movs	r1, #128
 152 000c C902     		lsls	r1, r1, #11
 153 000e 0A43     		orrs	r2, r1
 154 0010 1A60     		str	r2, [r3]
 177:Generated_Source\PSoC4/cyfitter_cfg.c **** 
 178:Generated_Source\PSoC4/cyfitter_cfg.c **** 	/* Setup and trim IMO based on desired frequency. */
 179:Generated_Source\PSoC4/cyfitter_cfg.c **** 	CySysClkWriteImoFreq(24u);
 155              		.loc 1 179 0
 156 0012 1820     		movs	r0, #24
 157 0014 FFF7FEFF 		bl	CySysClkWriteImoFreq
 180:Generated_Source\PSoC4/cyfitter_cfg.c **** 
 181:Generated_Source\PSoC4/cyfitter_cfg.c **** 	/* Disable HALF_EN since it is not required at this IMO frequency. */
 182:Generated_Source\PSoC4/cyfitter_cfg.c **** 	CY_SET_REG32((void CYXDATA *)(CYREG_CLK_SELECT), (CY_GET_REG32((void *)CYREG_CLK_SELECT) & 0xFFFBF
 158              		.loc 1 182 0
 159 0018 104B     		ldr	r3, .L5
 160 001a 104A     		ldr	r2, .L5
ARM GAS  C:\Users\Sebas\AppData\Local\Temp\ccDC1FkV.s 			page 7


 161 001c 1268     		ldr	r2, [r2]
 162 001e 1049     		ldr	r1, .L5+4
 163 0020 0A40     		ands	r2, r1
 164 0022 1A60     		str	r2, [r3]
 183:Generated_Source\PSoC4/cyfitter_cfg.c **** 	/* CYDEV_CLK_ILO_CONFIG Starting address: CYDEV_CLK_ILO_CONFIG */
 184:Generated_Source\PSoC4/cyfitter_cfg.c **** 	CY_SET_REG32((void *)(CYREG_CLK_ILO_CONFIG), 0x80000006u);
 165              		.loc 1 184 0
 166 0024 0F4B     		ldr	r3, .L5+8
 167 0026 104A     		ldr	r2, .L5+12
 168 0028 1A60     		str	r2, [r3]
 185:Generated_Source\PSoC4/cyfitter_cfg.c **** 
 186:Generated_Source\PSoC4/cyfitter_cfg.c **** 
 187:Generated_Source\PSoC4/cyfitter_cfg.c **** 	/* CYDEV_CLK_SELECT00 Starting address: CYDEV_CLK_SELECT00 */
 188:Generated_Source\PSoC4/cyfitter_cfg.c **** 	CY_SET_REG32((void *)(CYREG_CLK_SELECT02), 0x00000020u);
 169              		.loc 1 188 0
 170 002a 104B     		ldr	r3, .L5+16
 171 002c 2022     		movs	r2, #32
 172 002e 1A60     		str	r2, [r3]
 189:Generated_Source\PSoC4/cyfitter_cfg.c **** 	CY_SET_REG32((void *)(CYREG_CLK_SELECT03), 0x00000010u);
 173              		.loc 1 189 0
 174 0030 0F4B     		ldr	r3, .L5+20
 175 0032 1022     		movs	r2, #16
 176 0034 1A60     		str	r2, [r3]
 190:Generated_Source\PSoC4/cyfitter_cfg.c **** 
 191:Generated_Source\PSoC4/cyfitter_cfg.c **** 	/* CYDEV_CLK_IMO_CONFIG Starting address: CYDEV_CLK_IMO_CONFIG */
 192:Generated_Source\PSoC4/cyfitter_cfg.c **** 	CY_SET_REG32((void *)(CYREG_CLK_IMO_CONFIG), 0x80000000u);
 177              		.loc 1 192 0
 178 0036 0F4B     		ldr	r3, .L5+24
 179 0038 8022     		movs	r2, #128
 180 003a 1206     		lsls	r2, r2, #24
 181 003c 1A60     		str	r2, [r3]
 193:Generated_Source\PSoC4/cyfitter_cfg.c **** 
 194:Generated_Source\PSoC4/cyfitter_cfg.c **** 	/* CYDEV_CLK_SELECT Starting address: CYDEV_CLK_SELECT */
 195:Generated_Source\PSoC4/cyfitter_cfg.c **** 	CY_SET_REG32((void *)(CYREG_CLK_SELECT), 0x00000000u);
 182              		.loc 1 195 0
 183 003e 074B     		ldr	r3, .L5
 184 0040 0022     		movs	r2, #0
 185 0042 1A60     		str	r2, [r3]
 196:Generated_Source\PSoC4/cyfitter_cfg.c **** 
 197:Generated_Source\PSoC4/cyfitter_cfg.c **** 	/* CYDEV_CLK_DIVIDER_A00 Starting address: CYDEV_CLK_DIVIDER_A00 */
 198:Generated_Source\PSoC4/cyfitter_cfg.c **** 	CY_SET_REG32((void *)(CYREG_CLK_DIVIDER_A00), 0x8000000Eu);
 186              		.loc 1 198 0
 187 0044 0C4B     		ldr	r3, .L5+28
 188 0046 0D4A     		ldr	r2, .L5+32
 189 0048 1A60     		str	r2, [r3]
 199:Generated_Source\PSoC4/cyfitter_cfg.c **** 
 200:Generated_Source\PSoC4/cyfitter_cfg.c **** 	/* CYDEV_CLK_DIVIDER_B00 Starting address: CYDEV_CLK_DIVIDER_B00 */
 201:Generated_Source\PSoC4/cyfitter_cfg.c **** 	CY_SET_REG32((void *)(CYREG_CLK_DIVIDER_B00), 0x80000067u);
 190              		.loc 1 201 0
 191 004a 0D4B     		ldr	r3, .L5+36
 192 004c 0D4A     		ldr	r2, .L5+40
 193 004e 1A60     		str	r2, [r3]
 202:Generated_Source\PSoC4/cyfitter_cfg.c **** 
 203:Generated_Source\PSoC4/cyfitter_cfg.c **** 	CY_SET_REG32((void *)(CYREG_WDT_CONFIG), 0x00000000u);
 194              		.loc 1 203 0
 195 0050 0D4B     		ldr	r3, .L5+44
 196 0052 0022     		movs	r2, #0
ARM GAS  C:\Users\Sebas\AppData\Local\Temp\ccDC1FkV.s 			page 8


 197 0054 1A60     		str	r2, [r3]
 204:Generated_Source\PSoC4/cyfitter_cfg.c **** }
 198              		.loc 1 204 0
 199 0056 C046     		nop
 200 0058 BD46     		mov	sp, r7
 201              		@ sp needed
 202 005a 80BD     		pop	{r7, pc}
 203              	.L6:
 204              		.align	2
 205              	.L5:
 206 005c 00010B40 		.word	1074462976
 207 0060 FFFFFBFF 		.word	-262145
 208 0064 04010B40 		.word	1074462980
 209 0068 06000080 		.word	-2147483642
 210 006c 08020240 		.word	1073873416
 211 0070 0C020240 		.word	1073873420
 212 0074 08010B40 		.word	1074462984
 213 0078 00000240 		.word	1073872896
 214 007c 0E000080 		.word	-2147483634
 215 0080 40000240 		.word	1073872960
 216 0084 67000080 		.word	-2147483545
 217 0088 0C020B40 		.word	1074463244
 218              		.cfi_endproc
 219              	.LFE3:
 220              		.size	ClockSetup, .-ClockSetup
 221              		.section	.text.AnalogSetDefault,"ax",%progbits
 222              		.align	2
 223              		.code	16
 224              		.thumb_func
 225              		.type	AnalogSetDefault, %function
 226              	AnalogSetDefault:
 227              	.LFB4:
 205:Generated_Source\PSoC4/cyfitter_cfg.c **** 
 206:Generated_Source\PSoC4/cyfitter_cfg.c **** 
 207:Generated_Source\PSoC4/cyfitter_cfg.c **** /* Analog API Functions */
 208:Generated_Source\PSoC4/cyfitter_cfg.c **** 
 209:Generated_Source\PSoC4/cyfitter_cfg.c **** 
 210:Generated_Source\PSoC4/cyfitter_cfg.c **** /*******************************************************************************
 211:Generated_Source\PSoC4/cyfitter_cfg.c **** * Function Name: AnalogSetDefault
 212:Generated_Source\PSoC4/cyfitter_cfg.c **** ********************************************************************************
 213:Generated_Source\PSoC4/cyfitter_cfg.c **** *
 214:Generated_Source\PSoC4/cyfitter_cfg.c **** * Summary:
 215:Generated_Source\PSoC4/cyfitter_cfg.c **** *  Sets up the analog portions of the chip to default values based on chip
 216:Generated_Source\PSoC4/cyfitter_cfg.c **** *  configuration options from the project.
 217:Generated_Source\PSoC4/cyfitter_cfg.c **** *
 218:Generated_Source\PSoC4/cyfitter_cfg.c **** * Parameters:
 219:Generated_Source\PSoC4/cyfitter_cfg.c **** *  void
 220:Generated_Source\PSoC4/cyfitter_cfg.c **** *
 221:Generated_Source\PSoC4/cyfitter_cfg.c **** * Return:
 222:Generated_Source\PSoC4/cyfitter_cfg.c **** *  void
 223:Generated_Source\PSoC4/cyfitter_cfg.c **** *
 224:Generated_Source\PSoC4/cyfitter_cfg.c **** *******************************************************************************/
 225:Generated_Source\PSoC4/cyfitter_cfg.c **** static void AnalogSetDefault(void);
 226:Generated_Source\PSoC4/cyfitter_cfg.c **** static void AnalogSetDefault(void)
 227:Generated_Source\PSoC4/cyfitter_cfg.c **** {
 228              		.loc 1 227 0
 229              		.cfi_startproc
ARM GAS  C:\Users\Sebas\AppData\Local\Temp\ccDC1FkV.s 			page 9


 230              		@ args = 0, pretend = 0, frame = 0
 231              		@ frame_needed = 1, uses_anonymous_args = 0
 232 0000 80B5     		push	{r7, lr}
 233              		.cfi_def_cfa_offset 8
 234              		.cfi_offset 7, -8
 235              		.cfi_offset 14, -4
 236 0002 00AF     		add	r7, sp, #0
 237              		.cfi_def_cfa_register 7
 228:Generated_Source\PSoC4/cyfitter_cfg.c **** }
 238              		.loc 1 228 0
 239 0004 C046     		nop
 240 0006 BD46     		mov	sp, r7
 241              		@ sp needed
 242 0008 80BD     		pop	{r7, pc}
 243              		.cfi_endproc
 244              	.LFE4:
 245              		.size	AnalogSetDefault, .-AnalogSetDefault
 246 000a C046     		.section	.psocinit
 247              		.align	2
 248              		.global	cyfitter_cfg
 249              		.code	16
 250              		.thumb_func
 251              		.type	cyfitter_cfg, %function
 252              	cyfitter_cfg:
 253              	.LFB5:
 229:Generated_Source\PSoC4/cyfitter_cfg.c **** 
 230:Generated_Source\PSoC4/cyfitter_cfg.c **** 
 231:Generated_Source\PSoC4/cyfitter_cfg.c **** 
 232:Generated_Source\PSoC4/cyfitter_cfg.c **** 
 233:Generated_Source\PSoC4/cyfitter_cfg.c **** /*******************************************************************************
 234:Generated_Source\PSoC4/cyfitter_cfg.c **** * Function Name: cyfitter_cfg
 235:Generated_Source\PSoC4/cyfitter_cfg.c **** ********************************************************************************
 236:Generated_Source\PSoC4/cyfitter_cfg.c **** * Summary:
 237:Generated_Source\PSoC4/cyfitter_cfg.c **** *  This function is called by the start-up code for the selected device. It
 238:Generated_Source\PSoC4/cyfitter_cfg.c **** *  performs all of the necessary device configuration based on the design
 239:Generated_Source\PSoC4/cyfitter_cfg.c **** *  settings.  This includes settings from the Design Wide Resources (DWR) such
 240:Generated_Source\PSoC4/cyfitter_cfg.c **** *  as Clocks and Pins as well as any component configuration that is necessary.
 241:Generated_Source\PSoC4/cyfitter_cfg.c **** *
 242:Generated_Source\PSoC4/cyfitter_cfg.c **** * Parameters:
 243:Generated_Source\PSoC4/cyfitter_cfg.c **** *   void
 244:Generated_Source\PSoC4/cyfitter_cfg.c **** *
 245:Generated_Source\PSoC4/cyfitter_cfg.c **** * Return:
 246:Generated_Source\PSoC4/cyfitter_cfg.c **** *   void
 247:Generated_Source\PSoC4/cyfitter_cfg.c **** *
 248:Generated_Source\PSoC4/cyfitter_cfg.c **** *******************************************************************************/
 249:Generated_Source\PSoC4/cyfitter_cfg.c **** CY_CFG_SECTION
 250:Generated_Source\PSoC4/cyfitter_cfg.c **** void cyfitter_cfg(void)
 251:Generated_Source\PSoC4/cyfitter_cfg.c **** {
 254              		.loc 1 251 0
 255              		.cfi_startproc
 256              		@ args = 0, pretend = 0, frame = 8
 257              		@ frame_needed = 1, uses_anonymous_args = 0
 258 008c 80B5     		push	{r7, lr}
 259              		.cfi_def_cfa_offset 8
 260              		.cfi_offset 7, -8
 261              		.cfi_offset 14, -4
 262 008e 82B0     		sub	sp, sp, #8
ARM GAS  C:\Users\Sebas\AppData\Local\Temp\ccDC1FkV.s 			page 10


 263              		.cfi_def_cfa_offset 16
 264 0090 00AF     		add	r7, sp, #0
 265              		.cfi_def_cfa_register 7
 252:Generated_Source\PSoC4/cyfitter_cfg.c **** 	/* Disable interrupts by default. Let user enable if/when they want. */
 253:Generated_Source\PSoC4/cyfitter_cfg.c **** 	CyGlobalIntDisable;
 266              		.loc 1 253 0
 267              		.syntax divided
 268              	@ 253 "Generated_Source\PSoC4\cyfitter_cfg.c" 1
 269 0092 72B6     		CPSID   i
 270              	@ 0 "" 2
 271              		.thumb
 272              		.syntax unified
 273              	.LBB2:
 254:Generated_Source\PSoC4/cyfitter_cfg.c **** 
 255:Generated_Source\PSoC4/cyfitter_cfg.c **** 	{
 256:Generated_Source\PSoC4/cyfitter_cfg.c **** 
 257:Generated_Source\PSoC4/cyfitter_cfg.c **** 		CYPACKED typedef struct {
 258:Generated_Source\PSoC4/cyfitter_cfg.c **** 			void CYFAR *address;
 259:Generated_Source\PSoC4/cyfitter_cfg.c **** 			uint16 size;
 260:Generated_Source\PSoC4/cyfitter_cfg.c **** 		} CYPACKED_ATTR cfg_memset_t;
 261:Generated_Source\PSoC4/cyfitter_cfg.c **** 
 262:Generated_Source\PSoC4/cyfitter_cfg.c **** 		static const cfg_memset_t CYCODE cfg_memset_list[] = {
 263:Generated_Source\PSoC4/cyfitter_cfg.c **** 			/* address, size */
 264:Generated_Source\PSoC4/cyfitter_cfg.c **** 			{(void CYFAR *)(CYDEV_UDB_P0_U0_BASE), 1024u},
 265:Generated_Source\PSoC4/cyfitter_cfg.c **** 			{(void CYFAR *)(CYDEV_UDB_DSI0_BASE), 1024u},
 266:Generated_Source\PSoC4/cyfitter_cfg.c **** 		};
 267:Generated_Source\PSoC4/cyfitter_cfg.c **** 
 268:Generated_Source\PSoC4/cyfitter_cfg.c **** 		uint8 CYDATA i;
 269:Generated_Source\PSoC4/cyfitter_cfg.c **** 
 270:Generated_Source\PSoC4/cyfitter_cfg.c **** 		/* Zero out critical memory blocks before beginning configuration */
 271:Generated_Source\PSoC4/cyfitter_cfg.c **** 		for (i = 0u; i < (sizeof(cfg_memset_list)/sizeof(cfg_memset_list[0])); i++)
 274              		.loc 1 271 0
 275 0094 FB1D     		adds	r3, r7, #7
 276 0096 0022     		movs	r2, #0
 277 0098 1A70     		strb	r2, [r3]
 278 009a 22E0     		b	.L9
 279              	.L10:
 280              	.LBB3:
 272:Generated_Source\PSoC4/cyfitter_cfg.c **** 		{
 273:Generated_Source\PSoC4/cyfitter_cfg.c **** 			const cfg_memset_t CYCODE * CYDATA ms = &cfg_memset_list[i];
 281              		.loc 1 273 0 discriminator 3
 282 009c FB1D     		adds	r3, r7, #7
 283 009e 1A78     		ldrb	r2, [r3]
 284 00a0 1300     		movs	r3, r2
 285 00a2 5B00     		lsls	r3, r3, #1
 286 00a4 9B18     		adds	r3, r3, r2
 287 00a6 5B00     		lsls	r3, r3, #1
 288 00a8 2B4A     		ldr	r2, .L11
 289 00aa 9B18     		adds	r3, r3, r2
 290 00ac 3B60     		str	r3, [r7]
 274:Generated_Source\PSoC4/cyfitter_cfg.c **** 			CYMEMZERO(ms->address, (size_t)(uint32)(ms->size));
 291              		.loc 1 274 0 discriminator 3
 292 00ae 3B68     		ldr	r3, [r7]
 293 00b0 1A78     		ldrb	r2, [r3]
 294 00b2 5978     		ldrb	r1, [r3, #1]
 295 00b4 0902     		lsls	r1, r1, #8
 296 00b6 0A43     		orrs	r2, r1
ARM GAS  C:\Users\Sebas\AppData\Local\Temp\ccDC1FkV.s 			page 11


 297 00b8 9978     		ldrb	r1, [r3, #2]
 298 00ba 0904     		lsls	r1, r1, #16
 299 00bc 0A43     		orrs	r2, r1
 300 00be DB78     		ldrb	r3, [r3, #3]
 301 00c0 1B06     		lsls	r3, r3, #24
 302 00c2 1343     		orrs	r3, r2
 303 00c4 1800     		movs	r0, r3
 304 00c6 3B68     		ldr	r3, [r7]
 305 00c8 1A79     		ldrb	r2, [r3, #4]
 306 00ca 5B79     		ldrb	r3, [r3, #5]
 307 00cc 1B02     		lsls	r3, r3, #8
 308 00ce 1343     		orrs	r3, r2
 309 00d0 9BB2     		uxth	r3, r3
 310 00d2 1900     		movs	r1, r3
 311 00d4 FFF7FEFF 		bl	CYMEMZERO
 312              	.LBE3:
 271:Generated_Source\PSoC4/cyfitter_cfg.c **** 		{
 313              		.loc 1 271 0 discriminator 3
 314 00d8 FB1D     		adds	r3, r7, #7
 315 00da 1A78     		ldrb	r2, [r3]
 316 00dc FB1D     		adds	r3, r7, #7
 317 00de 0132     		adds	r2, r2, #1
 318 00e0 1A70     		strb	r2, [r3]
 319              	.L9:
 271:Generated_Source\PSoC4/cyfitter_cfg.c **** 		{
 320              		.loc 1 271 0 is_stmt 0 discriminator 1
 321 00e2 FB1D     		adds	r3, r7, #7
 322 00e4 1B78     		ldrb	r3, [r3]
 323 00e6 012B     		cmp	r3, #1
 324 00e8 D8D9     		bls	.L10
 275:Generated_Source\PSoC4/cyfitter_cfg.c **** 		}
 276:Generated_Source\PSoC4/cyfitter_cfg.c **** 
 277:Generated_Source\PSoC4/cyfitter_cfg.c **** 		/* HSIOM Starting address: CYDEV_HSIOM_BASE */
 278:Generated_Source\PSoC4/cyfitter_cfg.c **** 		CY_SET_REG32((void *)(CYDEV_HSIOM_BASE), 0x00EE0000u);
 325              		.loc 1 278 0 is_stmt 1
 326 00ea 1C4B     		ldr	r3, .L11+4
 327 00ec EE22     		movs	r2, #238
 328 00ee 1204     		lsls	r2, r2, #16
 329 00f0 1A60     		str	r2, [r3]
 279:Generated_Source\PSoC4/cyfitter_cfg.c **** 		CY_SET_REG32((void *)(CYREG_HSIOM_PORT_SEL3), 0x0000EE00u);
 330              		.loc 1 279 0
 331 00f2 1B4B     		ldr	r3, .L11+8
 332 00f4 EE22     		movs	r2, #238
 333 00f6 1202     		lsls	r2, r2, #8
 334 00f8 1A60     		str	r2, [r3]
 280:Generated_Source\PSoC4/cyfitter_cfg.c **** 		CY_SET_REG32((void *)(CYREG_HSIOM_PORT_SEL4), 0x00000099u);
 335              		.loc 1 280 0
 336 00fa 1A4B     		ldr	r3, .L11+12
 337 00fc 9922     		movs	r2, #153
 338 00fe 1A60     		str	r2, [r3]
 281:Generated_Source\PSoC4/cyfitter_cfg.c **** 
 282:Generated_Source\PSoC4/cyfitter_cfg.c **** 		/* UDB_PA_0 Starting address: CYDEV_UDB_PA0_BASE */
 283:Generated_Source\PSoC4/cyfitter_cfg.c **** 		CY_SET_REG32((void *)(CYDEV_UDB_PA0_BASE), 0x00990000u);
 339              		.loc 1 283 0
 340 0100 194B     		ldr	r3, .L11+16
 341 0102 9922     		movs	r2, #153
 342 0104 1204     		lsls	r2, r2, #16
ARM GAS  C:\Users\Sebas\AppData\Local\Temp\ccDC1FkV.s 			page 12


 343 0106 1A60     		str	r2, [r3]
 284:Generated_Source\PSoC4/cyfitter_cfg.c **** 
 285:Generated_Source\PSoC4/cyfitter_cfg.c **** 		/* UDB_PA_3 Starting address: CYDEV_UDB_PA3_BASE */
 286:Generated_Source\PSoC4/cyfitter_cfg.c **** 		CY_SET_REG32((void *)(CYDEV_UDB_PA3_BASE), 0x00990000u);
 344              		.loc 1 286 0
 345 0108 184B     		ldr	r3, .L11+20
 346 010a 9922     		movs	r2, #153
 347 010c 1204     		lsls	r2, r2, #16
 348 010e 1A60     		str	r2, [r3]
 287:Generated_Source\PSoC4/cyfitter_cfg.c **** 
 288:Generated_Source\PSoC4/cyfitter_cfg.c **** 		/* Enable digital routing */
 289:Generated_Source\PSoC4/cyfitter_cfg.c **** 		CY_SET_XTND_REG8((void *)CYREG_UDB_UDBIF_BANK_CTL, (uint8)(CY_GET_XTND_REG8((void *)CYREG_UDB_UDB
 349              		.loc 1 289 0
 350 0110 174A     		ldr	r2, .L11+24
 351 0112 174B     		ldr	r3, .L11+24
 352 0114 1B78     		ldrb	r3, [r3]
 353 0116 DBB2     		uxtb	r3, r3
 354 0118 0621     		movs	r1, #6
 355 011a 0B43     		orrs	r3, r1
 356 011c DBB2     		uxtb	r3, r3
 357 011e 1370     		strb	r3, [r2]
 358              	.LBE2:
 290:Generated_Source\PSoC4/cyfitter_cfg.c **** 	}
 291:Generated_Source\PSoC4/cyfitter_cfg.c **** 
 292:Generated_Source\PSoC4/cyfitter_cfg.c **** 	/* Perform second pass device configuration. These items must be configured in specific order afte
 293:Generated_Source\PSoC4/cyfitter_cfg.c **** 	/* IOPINS0_0 Starting address: CYDEV_PRT0_BASE */
 294:Generated_Source\PSoC4/cyfitter_cfg.c **** 	CY_SET_REG32((void *)(CYDEV_PRT0_BASE), 0x00000030u);
 359              		.loc 1 294 0
 360 0120 144B     		ldr	r3, .L11+28
 361 0122 3022     		movs	r2, #48
 362 0124 1A60     		str	r2, [r3]
 295:Generated_Source\PSoC4/cyfitter_cfg.c **** 	CY_SET_REG32((void *)(CYREG_PRT0_PC), 0x00024000u);
 363              		.loc 1 295 0
 364 0126 144B     		ldr	r3, .L11+32
 365 0128 9022     		movs	r2, #144
 366 012a 9202     		lsls	r2, r2, #10
 367 012c 1A60     		str	r2, [r3]
 296:Generated_Source\PSoC4/cyfitter_cfg.c **** 
 297:Generated_Source\PSoC4/cyfitter_cfg.c **** 	/* IOPINS0_3 Starting address: CYDEV_PRT3_BASE */
 298:Generated_Source\PSoC4/cyfitter_cfg.c **** 	CY_SET_REG32((void *)(CYREG_PRT3_PC), 0x00000D80u);
 368              		.loc 1 298 0
 369 012e 134B     		ldr	r3, .L11+36
 370 0130 D822     		movs	r2, #216
 371 0132 1201     		lsls	r2, r2, #4
 372 0134 1A60     		str	r2, [r3]
 299:Generated_Source\PSoC4/cyfitter_cfg.c **** 
 300:Generated_Source\PSoC4/cyfitter_cfg.c **** 	/* IOPINS0_4 Starting address: CYDEV_PRT4_BASE */
 301:Generated_Source\PSoC4/cyfitter_cfg.c **** 	CY_SET_REG32((void *)(CYDEV_PRT4_BASE), 0x00000002u);
 373              		.loc 1 301 0
 374 0136 124B     		ldr	r3, .L11+40
 375 0138 0222     		movs	r2, #2
 376 013a 1A60     		str	r2, [r3]
 302:Generated_Source\PSoC4/cyfitter_cfg.c **** 	CY_SET_REG32((void *)(CYREG_PRT4_PC), 0x00000031u);
 377              		.loc 1 302 0
 378 013c 114B     		ldr	r3, .L11+44
 379 013e 3122     		movs	r2, #49
 380 0140 1A60     		str	r2, [r3]
ARM GAS  C:\Users\Sebas\AppData\Local\Temp\ccDC1FkV.s 			page 13


 303:Generated_Source\PSoC4/cyfitter_cfg.c **** 	CY_SET_REG32((void *)(CYREG_PRT4_PC2), 0x00000002u);
 381              		.loc 1 303 0
 382 0142 114B     		ldr	r3, .L11+48
 383 0144 0222     		movs	r2, #2
 384 0146 1A60     		str	r2, [r3]
 304:Generated_Source\PSoC4/cyfitter_cfg.c **** 
 305:Generated_Source\PSoC4/cyfitter_cfg.c **** 
 306:Generated_Source\PSoC4/cyfitter_cfg.c **** 	/* Setup clocks based on selections from Clock DWR */
 307:Generated_Source\PSoC4/cyfitter_cfg.c **** 	ClockSetup();
 385              		.loc 1 307 0
 386 0148 FFF75AFF 		bl	ClockSetup
 308:Generated_Source\PSoC4/cyfitter_cfg.c **** 
 309:Generated_Source\PSoC4/cyfitter_cfg.c **** 	/* Perform basic analog initialization to defaults */
 310:Generated_Source\PSoC4/cyfitter_cfg.c **** 	AnalogSetDefault();
 387              		.loc 1 310 0
 388 014c FFF7FEFF 		bl	AnalogSetDefault
 311:Generated_Source\PSoC4/cyfitter_cfg.c **** 
 312:Generated_Source\PSoC4/cyfitter_cfg.c **** }
 389              		.loc 1 312 0
 390 0150 C046     		nop
 391 0152 BD46     		mov	sp, r7
 392 0154 02B0     		add	sp, sp, #8
 393              		@ sp needed
 394 0156 80BD     		pop	{r7, pc}
 395              	.L12:
 396              		.align	2
 397              	.L11:
 398 0158 00000000 		.word	cfg_memset_list.4847
 399 015c 00000140 		.word	1073807360
 400 0160 0C000140 		.word	1073807372
 401 0164 10000140 		.word	1073807376
 402 0168 00500F40 		.word	1074745344
 403 016c 30500F40 		.word	1074745392
 404 0170 00700F40 		.word	1074753536
 405 0174 00000440 		.word	1074003968
 406 0178 08000440 		.word	1074003976
 407 017c 08030440 		.word	1074004744
 408 0180 00040440 		.word	1074004992
 409 0184 08040440 		.word	1074005000
 410 0188 18040440 		.word	1074005016
 411              		.cfi_endproc
 412              	.LFE5:
 413              		.size	cyfitter_cfg, .-cyfitter_cfg
 414              		.section	.rodata
 415              		.align	2
 416              		.type	cfg_memset_list.4847, %object
 417              		.size	cfg_memset_list.4847, 12
 418              	cfg_memset_list.4847:
 419 0000 00300F40 		.word	1074737152
 420 0004 0004     		.short	1024
 421 0006 00400F40 		.4byte	1074741248
 422 000a 0004     		.short	1024
 423              		.text
 424              	.Letext0:
 425              		.file 2 "d:\\psoc\\psoc creator\\4.1\\psoc creator\\import\\gnu\\arm\\5.4.1\\lib\\gcc\\arm-none-ea
 426              		.file 3 "Generated_Source\\PSoC4\\cytypes.h"
 427              		.section	.debug_info,"",%progbits
ARM GAS  C:\Users\Sebas\AppData\Local\Temp\ccDC1FkV.s 			page 14


 428              	.Ldebug_info0:
 429 0000 54020000 		.4byte	0x254
 430 0004 0400     		.2byte	0x4
 431 0006 00000000 		.4byte	.Ldebug_abbrev0
 432 000a 04       		.byte	0x4
 433 000b 01       		.uleb128 0x1
 434 000c 83000000 		.4byte	.LASF30
 435 0010 0C       		.byte	0xc
 436 0011 F9010000 		.4byte	.LASF31
 437 0015 26010000 		.4byte	.LASF32
 438 0019 00000000 		.4byte	.Ldebug_ranges0+0
 439 001d 00000000 		.4byte	0
 440 0021 00000000 		.4byte	.Ldebug_line0
 441 0025 02       		.uleb128 0x2
 442 0026 04       		.byte	0x4
 443 0027 05       		.byte	0x5
 444 0028 696E7400 		.ascii	"int\000"
 445 002c 03       		.uleb128 0x3
 446 002d 06000000 		.4byte	.LASF12
 447 0031 02       		.byte	0x2
 448 0032 D8       		.byte	0xd8
 449 0033 37000000 		.4byte	0x37
 450 0037 04       		.uleb128 0x4
 451 0038 04       		.byte	0x4
 452 0039 07       		.byte	0x7
 453 003a 6C010000 		.4byte	.LASF0
 454 003e 04       		.uleb128 0x4
 455 003f 08       		.byte	0x8
 456 0040 05       		.byte	0x5
 457 0041 BB010000 		.4byte	.LASF1
 458 0045 04       		.uleb128 0x4
 459 0046 08       		.byte	0x8
 460 0047 04       		.byte	0x4
 461 0048 E1010000 		.4byte	.LASF2
 462 004c 04       		.uleb128 0x4
 463 004d 01       		.byte	0x1
 464 004e 06       		.byte	0x6
 465 004f ED010000 		.4byte	.LASF3
 466 0053 04       		.uleb128 0x4
 467 0054 01       		.byte	0x1
 468 0055 08       		.byte	0x8
 469 0056 11010000 		.4byte	.LASF4
 470 005a 04       		.uleb128 0x4
 471 005b 02       		.byte	0x2
 472 005c 05       		.byte	0x5
 473 005d CE010000 		.4byte	.LASF5
 474 0061 04       		.uleb128 0x4
 475 0062 02       		.byte	0x2
 476 0063 07       		.byte	0x7
 477 0064 39000000 		.4byte	.LASF6
 478 0068 04       		.uleb128 0x4
 479 0069 04       		.byte	0x4
 480 006a 05       		.byte	0x5
 481 006b D8010000 		.4byte	.LASF7
 482 006f 04       		.uleb128 0x4
 483 0070 04       		.byte	0x4
 484 0071 07       		.byte	0x7
ARM GAS  C:\Users\Sebas\AppData\Local\Temp\ccDC1FkV.s 			page 15


 485 0072 61000000 		.4byte	.LASF8
 486 0076 04       		.uleb128 0x4
 487 0077 08       		.byte	0x8
 488 0078 07       		.byte	0x7
 489 0079 8E010000 		.4byte	.LASF9
 490 007d 04       		.uleb128 0x4
 491 007e 04       		.byte	0x4
 492 007f 07       		.byte	0x7
 493 0080 B2010000 		.4byte	.LASF10
 494 0084 05       		.uleb128 0x5
 495 0085 04       		.byte	0x4
 496 0086 04       		.uleb128 0x4
 497 0087 01       		.byte	0x1
 498 0088 08       		.byte	0x8
 499 0089 C9010000 		.4byte	.LASF11
 500 008d 06       		.uleb128 0x6
 501 008e 73000000 		.4byte	.LASF13
 502 0092 03       		.byte	0x3
 503 0093 D201     		.2byte	0x1d2
 504 0095 53000000 		.4byte	0x53
 505 0099 06       		.uleb128 0x6
 506 009a 5E010000 		.4byte	.LASF14
 507 009e 03       		.byte	0x3
 508 009f D301     		.2byte	0x1d3
 509 00a1 61000000 		.4byte	0x61
 510 00a5 06       		.uleb128 0x6
 511 00a6 65010000 		.4byte	.LASF15
 512 00aa 03       		.byte	0x3
 513 00ab D401     		.2byte	0x1d4
 514 00ad 6F000000 		.4byte	0x6f
 515 00b1 04       		.uleb128 0x4
 516 00b2 04       		.byte	0x4
 517 00b3 04       		.byte	0x4
 518 00b4 4C000000 		.4byte	.LASF16
 519 00b8 04       		.uleb128 0x4
 520 00b9 08       		.byte	0x8
 521 00ba 04       		.byte	0x4
 522 00bb 1F010000 		.4byte	.LASF17
 523 00bf 06       		.uleb128 0x6
 524 00c0 5C000000 		.4byte	.LASF18
 525 00c4 03       		.byte	0x3
 526 00c5 7C02     		.2byte	0x27c
 527 00c7 CB000000 		.4byte	0xcb
 528 00cb 07       		.uleb128 0x7
 529 00cc 8D000000 		.4byte	0x8d
 530 00d0 06       		.uleb128 0x6
 531 00d1 00000000 		.4byte	.LASF19
 532 00d5 03       		.byte	0x3
 533 00d6 7E02     		.2byte	0x27e
 534 00d8 DC000000 		.4byte	0xdc
 535 00dc 07       		.uleb128 0x7
 536 00dd A5000000 		.4byte	0xa5
 537 00e1 08       		.uleb128 0x8
 538 00e2 79000000 		.4byte	.LASF20
 539 00e6 01       		.byte	0x1
 540 00e7 4A       		.byte	0x4a
 541 00e8 00000000 		.4byte	.LFB0
ARM GAS  C:\Users\Sebas\AppData\Local\Temp\ccDC1FkV.s 			page 16


 542 00ec 1E000000 		.4byte	.LFE0-.LFB0
 543 00f0 01       		.uleb128 0x1
 544 00f1 9C       		.byte	0x9c
 545 00f2 0F010000 		.4byte	0x10f
 546 00f6 09       		.uleb128 0x9
 547 00f7 7300     		.ascii	"s\000"
 548 00f9 01       		.byte	0x1
 549 00fa 4A       		.byte	0x4a
 550 00fb 84000000 		.4byte	0x84
 551 00ff 02       		.uleb128 0x2
 552 0100 91       		.byte	0x91
 553 0101 74       		.sleb128 -12
 554 0102 09       		.uleb128 0x9
 555 0103 6E00     		.ascii	"n\000"
 556 0105 01       		.byte	0x1
 557 0106 4A       		.byte	0x4a
 558 0107 2C000000 		.4byte	0x2c
 559 010b 02       		.uleb128 0x2
 560 010c 91       		.byte	0x91
 561 010d 70       		.sleb128 -16
 562 010e 00       		.byte	0
 563 010f 08       		.uleb128 0x8
 564 0110 2F020000 		.4byte	.LASF21
 565 0114 01       		.byte	0x1
 566 0115 51       		.byte	0x51
 567 0116 00000000 		.4byte	.LFB1
 568 011a 20000000 		.4byte	.LFE1-.LFB1
 569 011e 01       		.uleb128 0x1
 570 011f 9C       		.byte	0x9c
 571 0120 4D010000 		.4byte	0x14d
 572 0124 0A       		.uleb128 0xa
 573 0125 52000000 		.4byte	.LASF22
 574 0129 01       		.byte	0x1
 575 012a 51       		.byte	0x51
 576 012b 84000000 		.4byte	0x84
 577 012f 02       		.uleb128 0x2
 578 0130 91       		.byte	0x91
 579 0131 74       		.sleb128 -12
 580 0132 09       		.uleb128 0x9
 581 0133 73726300 		.ascii	"src\000"
 582 0137 01       		.byte	0x1
 583 0138 51       		.byte	0x51
 584 0139 4D010000 		.4byte	0x14d
 585 013d 02       		.uleb128 0x2
 586 013e 91       		.byte	0x91
 587 013f 70       		.sleb128 -16
 588 0140 09       		.uleb128 0x9
 589 0141 6E00     		.ascii	"n\000"
 590 0143 01       		.byte	0x1
 591 0144 51       		.byte	0x51
 592 0145 2C000000 		.4byte	0x2c
 593 0149 02       		.uleb128 0x2
 594 014a 91       		.byte	0x91
 595 014b 6C       		.sleb128 -20
 596 014c 00       		.byte	0
 597 014d 0B       		.uleb128 0xb
 598 014e 04       		.byte	0x4
ARM GAS  C:\Users\Sebas\AppData\Local\Temp\ccDC1FkV.s 			page 17


 599 014f 53010000 		.4byte	0x153
 600 0153 0C       		.uleb128 0xc
 601 0154 08       		.uleb128 0x8
 602 0155 1F020000 		.4byte	.LASF23
 603 0159 01       		.byte	0x1
 604 015a 58       		.byte	0x58
 605 015b 00000000 		.4byte	.LFB2
 606 015f 20000000 		.4byte	.LFE2-.LFB2
 607 0163 01       		.uleb128 0x1
 608 0164 9C       		.byte	0x9c
 609 0165 92010000 		.4byte	0x192
 610 0169 0A       		.uleb128 0xa
 611 016a 52000000 		.4byte	.LASF22
 612 016e 01       		.byte	0x1
 613 016f 58       		.byte	0x58
 614 0170 84000000 		.4byte	0x84
 615 0174 02       		.uleb128 0x2
 616 0175 91       		.byte	0x91
 617 0176 74       		.sleb128 -12
 618 0177 09       		.uleb128 0x9
 619 0178 73726300 		.ascii	"src\000"
 620 017c 01       		.byte	0x1
 621 017d 58       		.byte	0x58
 622 017e 4D010000 		.4byte	0x14d
 623 0182 02       		.uleb128 0x2
 624 0183 91       		.byte	0x91
 625 0184 70       		.sleb128 -16
 626 0185 09       		.uleb128 0x9
 627 0186 6E00     		.ascii	"n\000"
 628 0188 01       		.byte	0x1
 629 0189 58       		.byte	0x58
 630 018a 2C000000 		.4byte	0x2c
 631 018e 02       		.uleb128 0x2
 632 018f 91       		.byte	0x91
 633 0190 6C       		.sleb128 -20
 634 0191 00       		.byte	0
 635 0192 0D       		.uleb128 0xd
 636 0193 2E000000 		.4byte	.LASF24
 637 0197 01       		.byte	0x1
 638 0198 AD       		.byte	0xad
 639 0199 00000000 		.4byte	.LFB3
 640 019d 8C000000 		.4byte	.LFE3-.LFB3
 641 01a1 01       		.uleb128 0x1
 642 01a2 9C       		.byte	0x9c
 643 01a3 0E       		.uleb128 0xe
 644 01a4 0D000000 		.4byte	.LASF25
 645 01a8 01       		.byte	0x1
 646 01a9 E2       		.byte	0xe2
 647 01aa 00000000 		.4byte	.LFB4
 648 01ae 0A000000 		.4byte	.LFE4-.LFB4
 649 01b2 01       		.uleb128 0x1
 650 01b3 9C       		.byte	0x9c
 651 01b4 0F       		.uleb128 0xf
 652 01b5 79010000 		.4byte	.LASF33
 653 01b9 01       		.byte	0x1
 654 01ba FA       		.byte	0xfa
 655 01bb 8C000000 		.4byte	.LFB5
ARM GAS  C:\Users\Sebas\AppData\Local\Temp\ccDC1FkV.s 			page 18


 656 01bf 00010000 		.4byte	.LFE5-.LFB5
 657 01c3 01       		.uleb128 0x1
 658 01c4 9C       		.byte	0x9c
 659 01c5 10       		.uleb128 0x10
 660 01c6 94000000 		.4byte	.LBB2
 661 01ca 8C000000 		.4byte	.LBE2-.LBB2
 662 01ce 11       		.uleb128 0x11
 663 01cf 06       		.byte	0x6
 664 01d0 01       		.byte	0x1
 665 01d1 0101     		.2byte	0x101
 666 01d3 F2010000 		.4byte	0x1f2
 667 01d7 12       		.uleb128 0x12
 668 01d8 86010000 		.4byte	.LASF26
 669 01dc 01       		.byte	0x1
 670 01dd 0201     		.2byte	0x102
 671 01df 84000000 		.4byte	0x84
 672 01e3 00       		.byte	0
 673 01e4 12       		.uleb128 0x12
 674 01e5 57000000 		.4byte	.LASF27
 675 01e9 01       		.byte	0x1
 676 01ea 0301     		.2byte	0x103
 677 01ec 99000000 		.4byte	0x99
 678 01f0 04       		.byte	0x4
 679 01f1 00       		.byte	0
 680 01f2 06       		.uleb128 0x6
 681 01f3 A5010000 		.4byte	.LASF28
 682 01f7 01       		.byte	0x1
 683 01f8 0401     		.2byte	0x104
 684 01fa CE010000 		.4byte	0x1ce
 685 01fe 13       		.uleb128 0x13
 686 01ff 0E020000 		.4byte	0x20e
 687 0203 0E020000 		.4byte	0x20e
 688 0207 14       		.uleb128 0x14
 689 0208 7D000000 		.4byte	0x7d
 690 020c 01       		.byte	0x1
 691 020d 00       		.byte	0
 692 020e 15       		.uleb128 0x15
 693 020f F2010000 		.4byte	0x1f2
 694 0213 16       		.uleb128 0x16
 695 0214 1E000000 		.4byte	.LASF29
 696 0218 01       		.byte	0x1
 697 0219 0601     		.2byte	0x106
 698 021b 25020000 		.4byte	0x225
 699 021f 05       		.uleb128 0x5
 700 0220 03       		.byte	0x3
 701 0221 00000000 		.4byte	cfg_memset_list.4847
 702 0225 15       		.uleb128 0x15
 703 0226 FE010000 		.4byte	0x1fe
 704 022a 17       		.uleb128 0x17
 705 022b 6900     		.ascii	"i\000"
 706 022d 01       		.byte	0x1
 707 022e 0C01     		.2byte	0x10c
 708 0230 8D000000 		.4byte	0x8d
 709 0234 02       		.uleb128 0x2
 710 0235 91       		.byte	0x91
 711 0236 77       		.sleb128 -9
 712 0237 10       		.uleb128 0x10
ARM GAS  C:\Users\Sebas\AppData\Local\Temp\ccDC1FkV.s 			page 19


 713 0238 9C000000 		.4byte	.LBB3
 714 023c 3C000000 		.4byte	.LBE3-.LBB3
 715 0240 17       		.uleb128 0x17
 716 0241 6D7300   		.ascii	"ms\000"
 717 0244 01       		.byte	0x1
 718 0245 1101     		.2byte	0x111
 719 0247 4E020000 		.4byte	0x24e
 720 024b 02       		.uleb128 0x2
 721 024c 91       		.byte	0x91
 722 024d 70       		.sleb128 -16
 723 024e 0B       		.uleb128 0xb
 724 024f 04       		.byte	0x4
 725 0250 0E020000 		.4byte	0x20e
 726 0254 00       		.byte	0
 727 0255 00       		.byte	0
 728 0256 00       		.byte	0
 729 0257 00       		.byte	0
 730              		.section	.debug_abbrev,"",%progbits
 731              	.Ldebug_abbrev0:
 732 0000 01       		.uleb128 0x1
 733 0001 11       		.uleb128 0x11
 734 0002 01       		.byte	0x1
 735 0003 25       		.uleb128 0x25
 736 0004 0E       		.uleb128 0xe
 737 0005 13       		.uleb128 0x13
 738 0006 0B       		.uleb128 0xb
 739 0007 03       		.uleb128 0x3
 740 0008 0E       		.uleb128 0xe
 741 0009 1B       		.uleb128 0x1b
 742 000a 0E       		.uleb128 0xe
 743 000b 55       		.uleb128 0x55
 744 000c 17       		.uleb128 0x17
 745 000d 11       		.uleb128 0x11
 746 000e 01       		.uleb128 0x1
 747 000f 10       		.uleb128 0x10
 748 0010 17       		.uleb128 0x17
 749 0011 00       		.byte	0
 750 0012 00       		.byte	0
 751 0013 02       		.uleb128 0x2
 752 0014 24       		.uleb128 0x24
 753 0015 00       		.byte	0
 754 0016 0B       		.uleb128 0xb
 755 0017 0B       		.uleb128 0xb
 756 0018 3E       		.uleb128 0x3e
 757 0019 0B       		.uleb128 0xb
 758 001a 03       		.uleb128 0x3
 759 001b 08       		.uleb128 0x8
 760 001c 00       		.byte	0
 761 001d 00       		.byte	0
 762 001e 03       		.uleb128 0x3
 763 001f 16       		.uleb128 0x16
 764 0020 00       		.byte	0
 765 0021 03       		.uleb128 0x3
 766 0022 0E       		.uleb128 0xe
 767 0023 3A       		.uleb128 0x3a
 768 0024 0B       		.uleb128 0xb
 769 0025 3B       		.uleb128 0x3b
ARM GAS  C:\Users\Sebas\AppData\Local\Temp\ccDC1FkV.s 			page 20


 770 0026 0B       		.uleb128 0xb
 771 0027 49       		.uleb128 0x49
 772 0028 13       		.uleb128 0x13
 773 0029 00       		.byte	0
 774 002a 00       		.byte	0
 775 002b 04       		.uleb128 0x4
 776 002c 24       		.uleb128 0x24
 777 002d 00       		.byte	0
 778 002e 0B       		.uleb128 0xb
 779 002f 0B       		.uleb128 0xb
 780 0030 3E       		.uleb128 0x3e
 781 0031 0B       		.uleb128 0xb
 782 0032 03       		.uleb128 0x3
 783 0033 0E       		.uleb128 0xe
 784 0034 00       		.byte	0
 785 0035 00       		.byte	0
 786 0036 05       		.uleb128 0x5
 787 0037 0F       		.uleb128 0xf
 788 0038 00       		.byte	0
 789 0039 0B       		.uleb128 0xb
 790 003a 0B       		.uleb128 0xb
 791 003b 00       		.byte	0
 792 003c 00       		.byte	0
 793 003d 06       		.uleb128 0x6
 794 003e 16       		.uleb128 0x16
 795 003f 00       		.byte	0
 796 0040 03       		.uleb128 0x3
 797 0041 0E       		.uleb128 0xe
 798 0042 3A       		.uleb128 0x3a
 799 0043 0B       		.uleb128 0xb
 800 0044 3B       		.uleb128 0x3b
 801 0045 05       		.uleb128 0x5
 802 0046 49       		.uleb128 0x49
 803 0047 13       		.uleb128 0x13
 804 0048 00       		.byte	0
 805 0049 00       		.byte	0
 806 004a 07       		.uleb128 0x7
 807 004b 35       		.uleb128 0x35
 808 004c 00       		.byte	0
 809 004d 49       		.uleb128 0x49
 810 004e 13       		.uleb128 0x13
 811 004f 00       		.byte	0
 812 0050 00       		.byte	0
 813 0051 08       		.uleb128 0x8
 814 0052 2E       		.uleb128 0x2e
 815 0053 01       		.byte	0x1
 816 0054 03       		.uleb128 0x3
 817 0055 0E       		.uleb128 0xe
 818 0056 3A       		.uleb128 0x3a
 819 0057 0B       		.uleb128 0xb
 820 0058 3B       		.uleb128 0x3b
 821 0059 0B       		.uleb128 0xb
 822 005a 27       		.uleb128 0x27
 823 005b 19       		.uleb128 0x19
 824 005c 11       		.uleb128 0x11
 825 005d 01       		.uleb128 0x1
 826 005e 12       		.uleb128 0x12
ARM GAS  C:\Users\Sebas\AppData\Local\Temp\ccDC1FkV.s 			page 21


 827 005f 06       		.uleb128 0x6
 828 0060 40       		.uleb128 0x40
 829 0061 18       		.uleb128 0x18
 830 0062 9642     		.uleb128 0x2116
 831 0064 19       		.uleb128 0x19
 832 0065 01       		.uleb128 0x1
 833 0066 13       		.uleb128 0x13
 834 0067 00       		.byte	0
 835 0068 00       		.byte	0
 836 0069 09       		.uleb128 0x9
 837 006a 05       		.uleb128 0x5
 838 006b 00       		.byte	0
 839 006c 03       		.uleb128 0x3
 840 006d 08       		.uleb128 0x8
 841 006e 3A       		.uleb128 0x3a
 842 006f 0B       		.uleb128 0xb
 843 0070 3B       		.uleb128 0x3b
 844 0071 0B       		.uleb128 0xb
 845 0072 49       		.uleb128 0x49
 846 0073 13       		.uleb128 0x13
 847 0074 02       		.uleb128 0x2
 848 0075 18       		.uleb128 0x18
 849 0076 00       		.byte	0
 850 0077 00       		.byte	0
 851 0078 0A       		.uleb128 0xa
 852 0079 05       		.uleb128 0x5
 853 007a 00       		.byte	0
 854 007b 03       		.uleb128 0x3
 855 007c 0E       		.uleb128 0xe
 856 007d 3A       		.uleb128 0x3a
 857 007e 0B       		.uleb128 0xb
 858 007f 3B       		.uleb128 0x3b
 859 0080 0B       		.uleb128 0xb
 860 0081 49       		.uleb128 0x49
 861 0082 13       		.uleb128 0x13
 862 0083 02       		.uleb128 0x2
 863 0084 18       		.uleb128 0x18
 864 0085 00       		.byte	0
 865 0086 00       		.byte	0
 866 0087 0B       		.uleb128 0xb
 867 0088 0F       		.uleb128 0xf
 868 0089 00       		.byte	0
 869 008a 0B       		.uleb128 0xb
 870 008b 0B       		.uleb128 0xb
 871 008c 49       		.uleb128 0x49
 872 008d 13       		.uleb128 0x13
 873 008e 00       		.byte	0
 874 008f 00       		.byte	0
 875 0090 0C       		.uleb128 0xc
 876 0091 26       		.uleb128 0x26
 877 0092 00       		.byte	0
 878 0093 00       		.byte	0
 879 0094 00       		.byte	0
 880 0095 0D       		.uleb128 0xd
 881 0096 2E       		.uleb128 0x2e
 882 0097 00       		.byte	0
 883 0098 03       		.uleb128 0x3
ARM GAS  C:\Users\Sebas\AppData\Local\Temp\ccDC1FkV.s 			page 22


 884 0099 0E       		.uleb128 0xe
 885 009a 3A       		.uleb128 0x3a
 886 009b 0B       		.uleb128 0xb
 887 009c 3B       		.uleb128 0x3b
 888 009d 0B       		.uleb128 0xb
 889 009e 27       		.uleb128 0x27
 890 009f 19       		.uleb128 0x19
 891 00a0 11       		.uleb128 0x11
 892 00a1 01       		.uleb128 0x1
 893 00a2 12       		.uleb128 0x12
 894 00a3 06       		.uleb128 0x6
 895 00a4 40       		.uleb128 0x40
 896 00a5 18       		.uleb128 0x18
 897 00a6 9642     		.uleb128 0x2116
 898 00a8 19       		.uleb128 0x19
 899 00a9 00       		.byte	0
 900 00aa 00       		.byte	0
 901 00ab 0E       		.uleb128 0xe
 902 00ac 2E       		.uleb128 0x2e
 903 00ad 00       		.byte	0
 904 00ae 03       		.uleb128 0x3
 905 00af 0E       		.uleb128 0xe
 906 00b0 3A       		.uleb128 0x3a
 907 00b1 0B       		.uleb128 0xb
 908 00b2 3B       		.uleb128 0x3b
 909 00b3 0B       		.uleb128 0xb
 910 00b4 27       		.uleb128 0x27
 911 00b5 19       		.uleb128 0x19
 912 00b6 11       		.uleb128 0x11
 913 00b7 01       		.uleb128 0x1
 914 00b8 12       		.uleb128 0x12
 915 00b9 06       		.uleb128 0x6
 916 00ba 40       		.uleb128 0x40
 917 00bb 18       		.uleb128 0x18
 918 00bc 9742     		.uleb128 0x2117
 919 00be 19       		.uleb128 0x19
 920 00bf 00       		.byte	0
 921 00c0 00       		.byte	0
 922 00c1 0F       		.uleb128 0xf
 923 00c2 2E       		.uleb128 0x2e
 924 00c3 01       		.byte	0x1
 925 00c4 3F       		.uleb128 0x3f
 926 00c5 19       		.uleb128 0x19
 927 00c6 03       		.uleb128 0x3
 928 00c7 0E       		.uleb128 0xe
 929 00c8 3A       		.uleb128 0x3a
 930 00c9 0B       		.uleb128 0xb
 931 00ca 3B       		.uleb128 0x3b
 932 00cb 0B       		.uleb128 0xb
 933 00cc 27       		.uleb128 0x27
 934 00cd 19       		.uleb128 0x19
 935 00ce 11       		.uleb128 0x11
 936 00cf 01       		.uleb128 0x1
 937 00d0 12       		.uleb128 0x12
 938 00d1 06       		.uleb128 0x6
 939 00d2 40       		.uleb128 0x40
 940 00d3 18       		.uleb128 0x18
ARM GAS  C:\Users\Sebas\AppData\Local\Temp\ccDC1FkV.s 			page 23


 941 00d4 9642     		.uleb128 0x2116
 942 00d6 19       		.uleb128 0x19
 943 00d7 00       		.byte	0
 944 00d8 00       		.byte	0
 945 00d9 10       		.uleb128 0x10
 946 00da 0B       		.uleb128 0xb
 947 00db 01       		.byte	0x1
 948 00dc 11       		.uleb128 0x11
 949 00dd 01       		.uleb128 0x1
 950 00de 12       		.uleb128 0x12
 951 00df 06       		.uleb128 0x6
 952 00e0 00       		.byte	0
 953 00e1 00       		.byte	0
 954 00e2 11       		.uleb128 0x11
 955 00e3 13       		.uleb128 0x13
 956 00e4 01       		.byte	0x1
 957 00e5 0B       		.uleb128 0xb
 958 00e6 0B       		.uleb128 0xb
 959 00e7 3A       		.uleb128 0x3a
 960 00e8 0B       		.uleb128 0xb
 961 00e9 3B       		.uleb128 0x3b
 962 00ea 05       		.uleb128 0x5
 963 00eb 01       		.uleb128 0x1
 964 00ec 13       		.uleb128 0x13
 965 00ed 00       		.byte	0
 966 00ee 00       		.byte	0
 967 00ef 12       		.uleb128 0x12
 968 00f0 0D       		.uleb128 0xd
 969 00f1 00       		.byte	0
 970 00f2 03       		.uleb128 0x3
 971 00f3 0E       		.uleb128 0xe
 972 00f4 3A       		.uleb128 0x3a
 973 00f5 0B       		.uleb128 0xb
 974 00f6 3B       		.uleb128 0x3b
 975 00f7 05       		.uleb128 0x5
 976 00f8 49       		.uleb128 0x49
 977 00f9 13       		.uleb128 0x13
 978 00fa 38       		.uleb128 0x38
 979 00fb 0B       		.uleb128 0xb
 980 00fc 00       		.byte	0
 981 00fd 00       		.byte	0
 982 00fe 13       		.uleb128 0x13
 983 00ff 01       		.uleb128 0x1
 984 0100 01       		.byte	0x1
 985 0101 49       		.uleb128 0x49
 986 0102 13       		.uleb128 0x13
 987 0103 01       		.uleb128 0x1
 988 0104 13       		.uleb128 0x13
 989 0105 00       		.byte	0
 990 0106 00       		.byte	0
 991 0107 14       		.uleb128 0x14
 992 0108 21       		.uleb128 0x21
 993 0109 00       		.byte	0
 994 010a 49       		.uleb128 0x49
 995 010b 13       		.uleb128 0x13
 996 010c 2F       		.uleb128 0x2f
 997 010d 0B       		.uleb128 0xb
ARM GAS  C:\Users\Sebas\AppData\Local\Temp\ccDC1FkV.s 			page 24


 998 010e 00       		.byte	0
 999 010f 00       		.byte	0
 1000 0110 15       		.uleb128 0x15
 1001 0111 26       		.uleb128 0x26
 1002 0112 00       		.byte	0
 1003 0113 49       		.uleb128 0x49
 1004 0114 13       		.uleb128 0x13
 1005 0115 00       		.byte	0
 1006 0116 00       		.byte	0
 1007 0117 16       		.uleb128 0x16
 1008 0118 34       		.uleb128 0x34
 1009 0119 00       		.byte	0
 1010 011a 03       		.uleb128 0x3
 1011 011b 0E       		.uleb128 0xe
 1012 011c 3A       		.uleb128 0x3a
 1013 011d 0B       		.uleb128 0xb
 1014 011e 3B       		.uleb128 0x3b
 1015 011f 05       		.uleb128 0x5
 1016 0120 49       		.uleb128 0x49
 1017 0121 13       		.uleb128 0x13
 1018 0122 02       		.uleb128 0x2
 1019 0123 18       		.uleb128 0x18
 1020 0124 00       		.byte	0
 1021 0125 00       		.byte	0
 1022 0126 17       		.uleb128 0x17
 1023 0127 34       		.uleb128 0x34
 1024 0128 00       		.byte	0
 1025 0129 03       		.uleb128 0x3
 1026 012a 08       		.uleb128 0x8
 1027 012b 3A       		.uleb128 0x3a
 1028 012c 0B       		.uleb128 0xb
 1029 012d 3B       		.uleb128 0x3b
 1030 012e 05       		.uleb128 0x5
 1031 012f 49       		.uleb128 0x49
 1032 0130 13       		.uleb128 0x13
 1033 0131 02       		.uleb128 0x2
 1034 0132 18       		.uleb128 0x18
 1035 0133 00       		.byte	0
 1036 0134 00       		.byte	0
 1037 0135 00       		.byte	0
 1038              		.section	.debug_aranges,"",%progbits
 1039 0000 44000000 		.4byte	0x44
 1040 0004 0200     		.2byte	0x2
 1041 0006 00000000 		.4byte	.Ldebug_info0
 1042 000a 04       		.byte	0x4
 1043 000b 00       		.byte	0
 1044 000c 0000     		.2byte	0
 1045 000e 0000     		.2byte	0
 1046 0010 00000000 		.4byte	.LFB0
 1047 0014 1E000000 		.4byte	.LFE0-.LFB0
 1048 0018 00000000 		.4byte	.LFB1
 1049 001c 20000000 		.4byte	.LFE1-.LFB1
 1050 0020 00000000 		.4byte	.LFB2
 1051 0024 20000000 		.4byte	.LFE2-.LFB2
 1052 0028 00000000 		.4byte	.LFB3
 1053 002c 8C000000 		.4byte	.LFE3-.LFB3
 1054 0030 00000000 		.4byte	.LFB4
ARM GAS  C:\Users\Sebas\AppData\Local\Temp\ccDC1FkV.s 			page 25


 1055 0034 0A000000 		.4byte	.LFE4-.LFB4
 1056 0038 8C000000 		.4byte	.LFB5
 1057 003c 00010000 		.4byte	.LFE5-.LFB5
 1058 0040 00000000 		.4byte	0
 1059 0044 00000000 		.4byte	0
 1060              		.section	.debug_ranges,"",%progbits
 1061              	.Ldebug_ranges0:
 1062 0000 00000000 		.4byte	.LFB0
 1063 0004 1E000000 		.4byte	.LFE0
 1064 0008 00000000 		.4byte	.LFB1
 1065 000c 20000000 		.4byte	.LFE1
 1066 0010 00000000 		.4byte	.LFB2
 1067 0014 20000000 		.4byte	.LFE2
 1068 0018 00000000 		.4byte	.LFB3
 1069 001c 8C000000 		.4byte	.LFE3
 1070 0020 00000000 		.4byte	.LFB4
 1071 0024 0A000000 		.4byte	.LFE4
 1072 0028 8C000000 		.4byte	.LFB5
 1073 002c 8C010000 		.4byte	.LFE5
 1074 0030 00000000 		.4byte	0
 1075 0034 00000000 		.4byte	0
 1076              		.section	.debug_line,"",%progbits
 1077              	.Ldebug_line0:
 1078 0000 4B010000 		.section	.debug_str,"MS",%progbits,1
 1078      0200B400 
 1078      00000201 
 1078      FB0E0D00 
 1078      01010101 
 1079              	.LASF19:
 1080 0000 72656733 		.ascii	"reg32\000"
 1080      3200
 1081              	.LASF12:
 1082 0006 73697A65 		.ascii	"size_t\000"
 1082      5F7400
 1083              	.LASF25:
 1084 000d 416E616C 		.ascii	"AnalogSetDefault\000"
 1084      6F675365 
 1084      74446566 
 1084      61756C74 
 1084      00
 1085              	.LASF29:
 1086 001e 6366675F 		.ascii	"cfg_memset_list\000"
 1086      6D656D73 
 1086      65745F6C 
 1086      69737400 
 1087              	.LASF24:
 1088 002e 436C6F63 		.ascii	"ClockSetup\000"
 1088      6B536574 
 1088      757000
 1089              	.LASF6:
 1090 0039 73686F72 		.ascii	"short unsigned int\000"
 1090      7420756E 
 1090      7369676E 
 1090      65642069 
 1090      6E7400
 1091              	.LASF16:
 1092 004c 666C6F61 		.ascii	"float\000"
ARM GAS  C:\Users\Sebas\AppData\Local\Temp\ccDC1FkV.s 			page 26


 1092      7400
 1093              	.LASF22:
 1094 0052 64657374 		.ascii	"dest\000"
 1094      00
 1095              	.LASF27:
 1096 0057 73697A65 		.ascii	"size\000"
 1096      00
 1097              	.LASF18:
 1098 005c 72656738 		.ascii	"reg8\000"
 1098      00
 1099              	.LASF8:
 1100 0061 6C6F6E67 		.ascii	"long unsigned int\000"
 1100      20756E73 
 1100      69676E65 
 1100      6420696E 
 1100      7400
 1101              	.LASF13:
 1102 0073 75696E74 		.ascii	"uint8\000"
 1102      3800
 1103              	.LASF20:
 1104 0079 43594D45 		.ascii	"CYMEMZERO\000"
 1104      4D5A4552 
 1104      4F00
 1105              	.LASF30:
 1106 0083 474E5520 		.ascii	"GNU C11 5.4.1 20160609 (release) [ARM/embedded-5-br"
 1106      43313120 
 1106      352E342E 
 1106      31203230 
 1106      31363036 
 1107 00b6 616E6368 		.ascii	"anch revision 237715] -mcpu=cortex-m0 -mthumb -g -O"
 1107      20726576 
 1107      6973696F 
 1107      6E203233 
 1107      37373135 
 1108 00e9 30202D66 		.ascii	"0 -ffunction-sections -ffat-lto-objects\000"
 1108      66756E63 
 1108      74696F6E 
 1108      2D736563 
 1108      74696F6E 
 1109              	.LASF4:
 1110 0111 756E7369 		.ascii	"unsigned char\000"
 1110      676E6564 
 1110      20636861 
 1110      7200
 1111              	.LASF17:
 1112 011f 646F7562 		.ascii	"double\000"
 1112      6C6500
 1113              	.LASF32:
 1114 0126 433A5C55 		.ascii	"C:\\Users\\Sebas\\Desktop\\Drone_Sensor_juistewaard"
 1114      73657273 
 1114      5C536562 
 1114      61735C44 
 1114      65736B74 
 1115 0155 656E2E63 		.ascii	"en.cydsn\000"
 1115      7964736E 
 1115      00
 1116              	.LASF14:
ARM GAS  C:\Users\Sebas\AppData\Local\Temp\ccDC1FkV.s 			page 27


 1117 015e 75696E74 		.ascii	"uint16\000"
 1117      313600
 1118              	.LASF15:
 1119 0165 75696E74 		.ascii	"uint32\000"
 1119      333200
 1120              	.LASF0:
 1121 016c 756E7369 		.ascii	"unsigned int\000"
 1121      676E6564 
 1121      20696E74 
 1121      00
 1122              	.LASF33:
 1123 0179 63796669 		.ascii	"cyfitter_cfg\000"
 1123      74746572 
 1123      5F636667 
 1123      00
 1124              	.LASF26:
 1125 0186 61646472 		.ascii	"address\000"
 1125      65737300 
 1126              	.LASF9:
 1127 018e 6C6F6E67 		.ascii	"long long unsigned int\000"
 1127      206C6F6E 
 1127      6720756E 
 1127      7369676E 
 1127      65642069 
 1128              	.LASF28:
 1129 01a5 6366675F 		.ascii	"cfg_memset_t\000"
 1129      6D656D73 
 1129      65745F74 
 1129      00
 1130              	.LASF10:
 1131 01b2 73697A65 		.ascii	"sizetype\000"
 1131      74797065 
 1131      00
 1132              	.LASF1:
 1133 01bb 6C6F6E67 		.ascii	"long long int\000"
 1133      206C6F6E 
 1133      6720696E 
 1133      7400
 1134              	.LASF11:
 1135 01c9 63686172 		.ascii	"char\000"
 1135      00
 1136              	.LASF5:
 1137 01ce 73686F72 		.ascii	"short int\000"
 1137      7420696E 
 1137      7400
 1138              	.LASF7:
 1139 01d8 6C6F6E67 		.ascii	"long int\000"
 1139      20696E74 
 1139      00
 1140              	.LASF2:
 1141 01e1 6C6F6E67 		.ascii	"long double\000"
 1141      20646F75 
 1141      626C6500 
 1142              	.LASF3:
 1143 01ed 7369676E 		.ascii	"signed char\000"
 1143      65642063 
 1143      68617200 
ARM GAS  C:\Users\Sebas\AppData\Local\Temp\ccDC1FkV.s 			page 28


 1144              	.LASF31:
 1145 01f9 47656E65 		.ascii	"Generated_Source\\PSoC4\\cyfitter_cfg.c\000"
 1145      72617465 
 1145      645F536F 
 1145      75726365 
 1145      5C50536F 
 1146              	.LASF23:
 1147 021f 4359434F 		.ascii	"CYCONFIGCPYCODE\000"
 1147      4E464947 
 1147      43505943 
 1147      4F444500 
 1148              	.LASF21:
 1149 022f 4359434F 		.ascii	"CYCONFIGCPY\000"
 1149      4E464947 
 1149      43505900 
 1150              		.ident	"GCC: (GNU Tools for ARM Embedded Processors) 5.4.1 20160609 (release) [ARM/embedded-5-bran
